jonggul.park@LT1619 serverless_architecture_on_aws % node --version
node --version
v16.18.1
jonggul.park@LT1619 serverless_architecture_on_aws % npm install -g serverless
npm install -g serverless
npm WARN deprecated querystring@0.2.0: The querystring API is considered Legacy. new code should use the URLSearchParams API instead.
npm WARN deprecated superagent@7.1.6: Please downgrade to v7.1.5 if you need IE/ActiveXObject support OR upgrade to v8.0.0 as we no longer support IE and published an incorrect patch version (see https://github.com/visionmedia/superagent/issues/1731)
npm WARN deprecated querystring@0.2.1: The querystring API is considered Legacy. new code should use the URLSearchParams API instead.
npm WARN deprecated querystring@0.2.0: The querystring API is considered Legacy. new code should use the URLSearchParams API instead.

added 407 packages, and audited 408 packages in 13s

66 packages are looking for funding
  run `npm fund` for details

found 0 vulnerabilities
jonggul.park@LT1619 serverless_architecture_on_aws % pwd
pwd
/Users/jonggul.park/study/study/book_reading/serverless_architecture_on_aws
jonggul.park@LT1619 serverless_architecture_on_aws %/Users/jonggul.park/study/study/book_reading/serverless_architecture_on_aws
/Users/jonggul.park/study/study/book_reading/serverless_architecture_on_aws
zsh: permission denied: /Users/jonggul.park/study/study/book_reading/serverless_architecture_on_aws
jonggul.park@LT1619 serverless_architecture_on_aws %serverless create --template aws-nodejs --path hello-world